// Vitest Snapshot v1, https://vitest.dev/guide/snapshot.html

exports[`retired detectThrow characterization > produces a stable reading for every recorded gesture 1`] = `
[
  {
    "durationMs": 1117,
    "fires": 1,
    "heightFt": 5,
    "id": 1,
    "maxAcceleration": 37.7,
    "notes": "Small throw onto couch, 5 feet",
    "recorded": true,
  },
  {
    "durationMs": 983,
    "fires": 1,
    "heightFt": 3.9,
    "id": 2,
    "maxAcceleration": 26.4,
    "notes": "Gentle toss onto bed, 3.9ft",
    "recorded": true,
  },
  {
    "durationMs": 633,
    "fires": 1,
    "heightFt": 1.6,
    "id": 3,
    "maxAcceleration": 35.4,
    "notes": "Small throw with lots of spin, 1.6ft",
    "recorded": true,
  },
  {
    "durationMs": 967,
    "fires": 1,
    "heightFt": 3.8,
    "id": 4,
    "maxAcceleration": 29.6,
    "notes": "Small throw in office, dropped at the end",
    "recorded": true,
  },
  {
    "durationMs": null,
    "fires": 0,
    "heightFt": null,
    "id": 5,
    "maxAcceleration": null,
    "notes": "Super high, hit the ground and locked screen ",
    "recorded": false,
  },
  {
    "durationMs": 2217,
    "fires": 1,
    "heightFt": 19.7,
    "id": 6,
    "maxAcceleration": 105.2,
    "notes": "High throw that I caught ",
    "recorded": true,
  },
  {
    "durationMs": null,
    "fires": 2,
    "heightFt": null,
    "id": 7,
    "maxAcceleration": 19.3,
    "notes": "Extremely high throw with a little bounce/roll at the end",
    "recorded": false,
  },
  {
    "durationMs": null,
    "fires": 2,
    "heightFt": null,
    "id": 8,
    "maxAcceleration": 28.1,
    "notes": "Very very high throw with short bounce at the end",
    "recorded": false,
  },
  {
    "durationMs": 1417,
    "fires": 2,
    "heightFt": 8.1,
    "id": 9,
    "maxAcceleration": 9.3,
    "notes": "6 foot throw landing on grass with brief wind up",
    "recorded": true,
  },
  {
    "durationMs": 1450,
    "fires": 1,
    "heightFt": 8.5,
    "id": 10,
    "maxAcceleration": 60.1,
    "notes": "8 foot throw, a bit of spin, no wind up, landing on grass",
    "recorded": true,
  },
  {
    "durationMs": 1583,
    "fires": 1,
    "heightFt": 10.1,
    "id": 11,
    "maxAcceleration": 60.9,
    "notes": "10ft throw, small wind up, landing on grass",
    "recorded": true,
  },
  {
    "durationMs": 1683,
    "fires": 1,
    "heightFt": 11.4,
    "id": 12,
    "maxAcceleration": 61.8,
    "notes": "11 foot throw, small wind up, landing on grass",
    "recorded": true,
  },
  {
    "durationMs": 1483,
    "fires": 1,
    "heightFt": 8.8,
    "id": 13,
    "maxAcceleration": 23.5,
    "notes": "6 foot throw, very skinny, small wind up, landing on grass",
    "recorded": true,
  },
  {
    "durationMs": null,
    "fires": 1,
    "heightFt": null,
    "id": 14,
    "maxAcceleration": 79,
    "notes": "5-6 foot throw, very spinny, landing on grass",
    "recorded": false,
  },
  {
    "durationMs": 733,
    "fires": 1,
    "heightFt": 2.2,
    "id": 15,
    "maxAcceleration": 58.3,
    "notes": "3-4 foot throw, medium spin, landing on grass",
    "recorded": true,
  },
  {
    "durationMs": 1683,
    "fires": 1,
    "heightFt": 11.4,
    "id": 16,
    "maxAcceleration": 65.4,
    "notes": "11 foot throw, minimal spin, landing on grass",
    "recorded": true,
  },
  {
    "durationMs": 1267,
    "fires": 1,
    "heightFt": 6.4,
    "id": 17,
    "maxAcceleration": 48.7,
    "notes": "6 ft, minimal spin, caught",
    "recorded": true,
  },
  {
    "durationMs": 1400,
    "fires": 1,
    "heightFt": 7.9,
    "id": 18,
    "maxAcceleration": 57.8,
    "notes": "8 foot throw, a bit of spin, caught ",
    "recorded": true,
  },
  {
    "durationMs": 1433,
    "fires": 1,
    "heightFt": 8.3,
    "id": 19,
    "maxAcceleration": 61.5,
    "notes": "High ish throw, a bit of spin, caught ",
    "recorded": true,
  },
  {
    "durationMs": 1483,
    "fires": 1,
    "heightFt": 8.8,
    "id": 20,
    "maxAcceleration": 61.3,
    "notes": "Medium high throw, caught",
    "recorded": true,
  },
  {
    "durationMs": 1817,
    "fires": 1,
    "heightFt": 13.3,
    "id": 21,
    "maxAcceleration": 28.3,
    "notes": "6 foot throw, lots of spin, land on grass",
    "recorded": true,
  },
  {
    "durationMs": 1333,
    "fires": 1,
    "heightFt": 7.1,
    "id": 22,
    "maxAcceleration": 77,
    "notes": "7 foot throw, medium spin, caught ",
    "recorded": true,
  },
  {
    "durationMs": null,
    "fires": 1,
    "heightFt": null,
    "id": 23,
    "maxAcceleration": 19.6,
    "notes": "Didn’t actually throw, just waved arm",
    "recorded": false,
  },
  {
    "durationMs": 933,
    "fires": 1,
    "heightFt": 3.5,
    "id": 24,
    "maxAcceleration": 25.5,
    "notes": "Short throw, no spin, caught ",
    "recorded": true,
  },
  {
    "durationMs": 1033,
    "fires": 1,
    "heightFt": 4.3,
    "id": 25,
    "maxAcceleration": 31.7,
    "notes": "Short throw, no spin, caught",
    "recorded": true,
  },
  {
    "durationMs": 1100,
    "fires": 1,
    "heightFt": 4.9,
    "id": 26,
    "maxAcceleration": 32.1,
    "notes": "Short throw, no spin, caught",
    "recorded": true,
  },
  {
    "durationMs": 850,
    "fires": 1,
    "heightFt": 2.9,
    "id": 27,
    "maxAcceleration": 24.6,
    "notes": "Short throw, caught ",
    "recorded": true,
  },
  {
    "durationMs": null,
    "fires": 0,
    "heightFt": null,
    "id": 28,
    "maxAcceleration": null,
    "notes": "Walked around yard with phone in hand, no throw",
    "recorded": false,
  },
  {
    "durationMs": null,
    "fires": 0,
    "heightFt": null,
    "id": 29,
    "maxAcceleration": null,
    "notes": "Walked around yard with phone, no throw",
    "recorded": false,
  },
  {
    "durationMs": null,
    "fires": 0,
    "heightFt": null,
    "id": 30,
    "maxAcceleration": null,
    "notes": "Walked around yard with phone, no throw",
    "recorded": false,
  },
  {
    "durationMs": null,
    "fires": 0,
    "heightFt": null,
    "id": 31,
    "maxAcceleration": null,
    "notes": "Set phone down on table, no throw",
    "recorded": false,
  },
  {
    "durationMs": null,
    "fires": 1,
    "heightFt": null,
    "id": 32,
    "maxAcceleration": 31.1,
    "notes": "Fake throw, wound up kept in hand",
    "recorded": false,
  },
  {
    "durationMs": null,
    "fires": 1,
    "heightFt": null,
    "id": 33,
    "maxAcceleration": 18.7,
    "notes": "Fake throw, wound up kept in hand",
    "recorded": false,
  },
  {
    "durationMs": null,
    "fires": 1,
    "heightFt": null,
    "id": 34,
    "maxAcceleration": 18.2,
    "notes": "Fake throw, wound up kept in hand",
    "recorded": false,
  },
  {
    "durationMs": 1683,
    "fires": 1,
    "heightFt": 11.4,
    "id": 35,
    "maxAcceleration": 115.1,
    "notes": "Fake throw, wound up kept in hand",
    "recorded": true,
  },
  {
    "durationMs": null,
    "fires": 1,
    "heightFt": null,
    "id": 36,
    "maxAcceleration": 28.4,
    "notes": "Fake throw, wound up kept in hand",
    "recorded": false,
  },
  {
    "durationMs": null,
    "fires": 1,
    "heightFt": null,
    "id": 37,
    "maxAcceleration": 23.4,
    "notes": "Fake throw, wound up kept in hand",
    "recorded": false,
  },
  {
    "durationMs": null,
    "fires": 0,
    "heightFt": null,
    "id": 38,
    "maxAcceleration": null,
    "notes": "Fake throw, kept in hand and moved down",
    "recorded": false,
  },
  {
    "durationMs": 1000,
    "fires": 1,
    "heightFt": 4,
    "id": 39,
    "maxAcceleration": 33.9,
    "notes": "Fake throw, wound up kept in hand",
    "recorded": true,
  },
  {
    "durationMs": 1583,
    "fires": 1,
    "heightFt": 10.1,
    "id": 40,
    "maxAcceleration": 56.8,
    "notes": "Medium high throw into grass",
    "recorded": true,
  },
  {
    "durationMs": 1700,
    "fires": 1,
    "heightFt": 11.6,
    "id": 41,
    "maxAcceleration": 70.3,
    "notes": "Medium high throw onto bouncy cushion",
    "recorded": true,
  },
  {
    "durationMs": 1917,
    "fires": 1,
    "heightFt": 14.8,
    "id": 42,
    "maxAcceleration": 87.5,
    "notes": "Medium high throw onto grass",
    "recorded": true,
  },
  {
    "durationMs": 2167,
    "fires": 1,
    "heightFt": 18.9,
    "id": 43,
    "maxAcceleration": 83.2,
    "notes": "high throw onto grass",
    "recorded": true,
  },
  {
    "durationMs": 2317,
    "fires": 1,
    "heightFt": 21.6,
    "id": 44,
    "maxAcceleration": 22.5,
    "notes": "Medium high throw onto grass with wind up",
    "recorded": true,
  },
  {
    "durationMs": 1900,
    "fires": 1,
    "heightFt": 14.5,
    "id": 45,
    "maxAcceleration": 84,
    "notes": "Medium high throw onto bouncy cushion With wind up",
    "recorded": true,
  },
  {
    "durationMs": 2233,
    "fires": 1,
    "heightFt": 20,
    "id": 46,
    "maxAcceleration": 31.5,
    "notes": "high throw onto bouncy cushion with wind up",
    "recorded": true,
  },
  {
    "durationMs": 2083,
    "fires": 1,
    "heightFt": 17.4,
    "id": 47,
    "maxAcceleration": 102.8,
    "notes": "high throw onto grass w wind up ",
    "recorded": true,
  },
  {
    "durationMs": 1050,
    "fires": 1,
    "heightFt": 4.4,
    "id": 48,
    "maxAcceleration": 38.2,
    "notes": "Medium throw onto bouncy cushion, lots of spin",
    "recorded": true,
  },
  {
    "durationMs": 1867,
    "fires": 1,
    "heightFt": 14,
    "id": 49,
    "maxAcceleration": 35.5,
    "notes": "Medium high throw onto bouncy cushion, lots of spin",
    "recorded": true,
  },
  {
    "durationMs": 1700,
    "fires": 1,
    "heightFt": 11.6,
    "id": 50,
    "maxAcceleration": 94.5,
    "notes": "Medium high throw onto grass",
    "recorded": true,
  },
  {
    "durationMs": 2050,
    "fires": 1,
    "heightFt": 16.9,
    "id": 51,
    "maxAcceleration": 93.7,
    "notes": "high throw onto bouncy cushion",
    "recorded": true,
  },
  {
    "durationMs": 1583,
    "fires": 1,
    "heightFt": 10.1,
    "id": 52,
    "maxAcceleration": 87,
    "notes": "Medium high onto cushion, hit a tree",
    "recorded": true,
  },
  {
    "durationMs": 2300,
    "fires": 1,
    "heightFt": 21.3,
    "id": 53,
    "maxAcceleration": 27.7,
    "notes": "High throw onto grass",
    "recorded": true,
  },
  {
    "durationMs": 2033,
    "fires": 1,
    "heightFt": 16.6,
    "id": 54,
    "maxAcceleration": 94.2,
    "notes": "High phone onto grass",
    "recorded": true,
  },
  {
    "durationMs": 2000,
    "fires": 1,
    "heightFt": 16.1,
    "id": 55,
    "maxAcceleration": 96.7,
    "notes": "Medium high throw onto couch cushion ( 2.03 seconds of hang time measured by video)",
    "recorded": true,
  },
  {
    "durationMs": null,
    "fires": 0,
    "heightFt": null,
    "id": 56,
    "maxAcceleration": null,
    "notes": "Pick up off ground, no throw",
    "recorded": false,
  },
  {
    "durationMs": null,
    "fires": 0,
    "heightFt": null,
    "id": 57,
    "maxAcceleration": null,
    "notes": "Pick up off ground, no throw",
    "recorded": false,
  },
  {
    "durationMs": 2567,
    "fires": 1,
    "heightFt": 26.5,
    "id": 58,
    "maxAcceleration": 43.4,
    "notes": "High throw onto grass ",
    "recorded": true,
  },
  {
    "durationMs": 1700,
    "fires": 1,
    "heightFt": 11.6,
    "id": 59,
    "maxAcceleration": 95.4,
    "notes": "High throw, hit a tree on the way down",
    "recorded": true,
  },
  {
    "durationMs": 1983,
    "fires": 1,
    "heightFt": 15.8,
    "id": 60,
    "maxAcceleration": 91.9,
    "notes": "Medium high throw onto grass",
    "recorded": true,
  },
  {
    "durationMs": 1800,
    "fires": 1,
    "heightFt": 13,
    "id": 61,
    "maxAcceleration": 12.3,
    "notes": "Short overhand throw onto grass",
    "recorded": true,
  },
  {
    "durationMs": 1233,
    "fires": 1,
    "heightFt": 6.1,
    "id": 62,
    "maxAcceleration": 31.6,
    "notes": "Short overhand throw onto grass",
    "recorded": true,
  },
  {
    "durationMs": 2167,
    "fires": 1,
    "heightFt": 18.9,
    "id": 63,
    "maxAcceleration": 9.6,
    "notes": "Short overhand throw onto grass",
    "recorded": true,
  },
  {
    "durationMs": 1733,
    "fires": 1,
    "heightFt": 12.1,
    "id": 64,
    "maxAcceleration": 19.2,
    "notes": "Short overhand throw onto grass",
    "recorded": true,
  },
  {
    "durationMs": 2250,
    "fires": 1,
    "heightFt": 20.3,
    "id": 65,
    "maxAcceleration": 10.5,
    "notes": "Short (~4 ft) overhand throw onto grass",
    "recorded": true,
  },
  {
    "durationMs": 2400,
    "fires": 1,
    "heightFt": 23.2,
    "id": 66,
    "maxAcceleration": 9.3,
    "notes": "Short (6ft) overhand throw onto grass",
    "recorded": true,
  },
  {
    "durationMs": null,
    "fires": 0,
    "heightFt": null,
    "id": 67,
    "maxAcceleration": null,
    "notes": "Held in hand, no throw",
    "recorded": false,
  },
  {
    "durationMs": 650,
    "fires": 1,
    "heightFt": 1.7,
    "id": 68,
    "maxAcceleration": 37.7,
    "notes": "6ft overhand throw onto couch cushions",
    "recorded": true,
  },
  {
    "durationMs": 2733,
    "fires": 1,
    "heightFt": 30,
    "id": 69,
    "maxAcceleration": 33.8,
    "notes": "High throw straight up onto grass",
    "recorded": true,
  },
  {
    "durationMs": 1867,
    "fires": 1,
    "heightFt": 14,
    "id": 70,
    "maxAcceleration": 78.3,
    "notes": "Medium high throw onto grass",
    "recorded": true,
  },
  {
    "durationMs": null,
    "fires": 2,
    "heightFt": null,
    "id": 71,
    "maxAcceleration": 49,
    "notes": "Medium high throw w big windup",
    "recorded": false,
  },
  {
    "durationMs": null,
    "fires": 2,
    "heightFt": null,
    "id": 72,
    "maxAcceleration": 40.2,
    "notes": "Medium high throw w big windup",
    "recorded": false,
  },
]
`;
